[2025-09-06 18:10:59] [INFO] [src/utils/logger.c:31] logger_init: 日志系统初始化完成
[2025-09-06 18:10:59] [DEBUG] [tests/unit/test_all.c:628] TestUtilsLogger: Debug message
[2025-09-06 18:10:59] [INFO] [tests/unit/test_all.c:629] TestUtilsLogger: Info message
[2025-09-06 18:10:59] [WARNING] [tests/unit/test_all.c:630] TestUtilsLogger: Warning message
[2025-09-06 18:10:59] [ERROR] [tests/unit/test_all.c:631] TestUtilsLogger: Error message
[2025-09-06 18:10:59] [INFO] [src/utils/logger.c:40] logger_cleanup: 日志系统关闭
[2025-09-06 18:11:02] [INFO] [src/utils/logger.c:31] logger_init: 日志系统初始化完成
[2025-09-06 18:11:02] [DEBUG] [tests/unit/test_all.c:628] TestUtilsLogger: Debug message
[2025-09-06 18:11:02] [INFO] [tests/unit/test_all.c:629] TestUtilsLogger: Info message
[2025-09-06 18:11:02] [WARNING] [tests/unit/test_all.c:630] TestUtilsLogger: Warning message
[2025-09-06 18:11:02] [ERROR] [tests/unit/test_all.c:631] TestUtilsLogger: Error message
[2025-09-06 18:11:02] [INFO] [src/utils/logger.c:40] logger_cleanup: 日志系统关闭
